src/_workspace/controllers/find-vendor/FindVendorController.ts(7,28): error TS2339: Property 'query' does not exist on type 'Request'.
src/_workspace/controllers/find-vendor/FindVendorController.ts(39,9): error TS2304: Cannot find name 'getSqlWhere'.
src/_workspace/controllers/find-vendor/FindVendorController.ts(68,30): error TS2304: Cannot find name 'VendorModel'.
src/_workspace/controllers/find-vendor/FindVendorController.ts(70,13): error TS2349: This expression is not callable.
  Type 'Number' has no call signatures.
src/_workspace/models/_add-vendor/AddVendorModel.ts(8,50): error TS2554: Expected 1 arguments, but got 0.
src/_workspace/models/_add-vendor/AddVendorModel.ts(10,52): error TS2554: Expected 1 arguments, but got 0.
src/_workspace/models/_find-vendor/FindVendorModel.ts(4,110): error TS2554: Expected 1 arguments, but got 2.
src/_workspace/models/_find-vendor/FindVendorModel.ts(7,51): error TS2554: Expected 1 arguments, but got 0.
src/_workspace/models/_find-vendor/FindVendorModel.ts(8,49): error TS2554: Expected 1 arguments, but got 0.
src/_workspace/models/_find-vendor/FindVendorModel.ts(9,53): error TS2554: Expected 1 arguments, but got 0.
src/_workspace/models/_find-vendor/FindVendorModel.ts(10,120): error TS2554: Expected 1 arguments, but got 2.
src/_workspace/models/_find-vendor/FindVendorModel.ts(11,91): error TS2551: Property 'streamAllForExport' does not exist on type '{ searchVendors: (dataItem: any) => Promise<{ resultData: any[]; totalCount: any; }>; getById: (dataItem: any) => Promise<RowDataPacket[]>; updateVendor: (dataItem: any) => Promise<...>; ... 11 more ...; getMatchResultsByVendorIds: (dataItem: any) => Promise<...>; }'. Did you mean 'searchAllForExport'?
src/_workspace/models/_find-vendor/FindVendorModel.ts(12,63): error TS2554: Expected 1 arguments, but got 0.
src/_workspace/models/_find-vendor/FindVendorModel.ts(13,54): error TS2554: Expected 1 arguments, but got 0.
src/_workspace/models/_find-vendor/FindVendorModel.ts(16,52): error TS2554: Expected 1 arguments, but got 0.
src/_workspace/models/_request-registrer/RegisterRequestModel.ts(6,118): error TS2554: Expected 1 arguments, but got 2.
src/_workspace/models/_request-registrer/RegisterRequestModel.ts(10,73): error TS2339: Property 'sendAgreementEmail' does not exist on type '{ createRequest: (dataItem: any) => Promise<{ Status: boolean; Message: string; ResultOnDb: { insertedId: number; }; MethodOnDb: string; TotalCountOnDb: number; } | { Status: boolean; Message: any; ResultOnDb: never[]; MethodOnDb: string; TotalCountOnDb: number; }>; ... 10 more ...; completeRegistration: (dataItem: ...'.
src/_workspace/models/_request-registrer/RegisterRequestModel.ts(11,58): error TS2554: Expected 1 arguments, but got 0.
src/_workspace/models/_request-registrer/RegisterRequestModel.ts(12,73): error TS2339: Property 'createApprovalStep' does not exist on type '{ createRequest: (dataItem: any) => Promise<{ Status: boolean; Message: string; ResultOnDb: { insertedId: number; }; MethodOnDb: string; TotalCountOnDb: number; } | { Status: boolean; Message: any; ResultOnDb: never[]; MethodOnDb: string; TotalCountOnDb: number; }>; ... 10 more ...; completeRegistration: (dataItem: ...'.
src/_workspace/models/_request-registrer/RegisterRequestModel.ts(13,71): error TS2339: Property 'getApprovalSteps' does not exist on type '{ createRequest: (dataItem: any) => Promise<{ Status: boolean; Message: string; ResultOnDb: { insertedId: number; }; MethodOnDb: string; TotalCountOnDb: number; } | { Status: boolean; Message: any; ResultOnDb: never[]; MethodOnDb: string; TotalCountOnDb: number; }>; ... 10 more ...; completeRegistration: (dataItem: ...'.
src/_workspace/models/_request-registrer/RegisterRequestModel.ts(14,73): error TS2339: Property 'updateApprovalStep' does not exist on type '{ createRequest: (dataItem: any) => Promise<{ Status: boolean; Message: string; ResultOnDb: { insertedId: number; }; MethodOnDb: string; TotalCountOnDb: number; } | { Status: boolean; Message: any; ResultOnDb: never[]; MethodOnDb: string; TotalCountOnDb: number; }>; ... 10 more ...; completeRegistration: (dataItem: ...'.
src/_workspace/models/_request-registrer/RegisterRequestModel.ts(15,72): error TS2339: Property 'createApprovalLog' does not exist on type '{ createRequest: (dataItem: any) => Promise<{ Status: boolean; Message: string; ResultOnDb: { insertedId: number; }; MethodOnDb: string; TotalCountOnDb: number; } | { Status: boolean; Message: any; ResultOnDb: never[]; MethodOnDb: string; TotalCountOnDb: number; }>; ... 10 more ...; completeRegistration: (dataItem: ...'.
src/_workspace/models/_request-registrer/RegisterRequestModel.ts(16,70): error TS2339: Property 'getApprovalLogs' does not exist on type '{ createRequest: (dataItem: any) => Promise<{ Status: boolean; Message: string; ResultOnDb: { insertedId: number; }; MethodOnDb: string; TotalCountOnDb: number; } | { Status: boolean; Message: any; ResultOnDb: never[]; MethodOnDb: string; TotalCountOnDb: number; }>; ... 10 more ...; completeRegistration: (dataItem: ...'.
src/_workspace/models/_request-registrer/RegisterRequestModel.ts(17,69): error TS2339: Property 'updateCcEmails' does not exist on type '{ createRequest: (dataItem: any) => Promise<{ Status: boolean; Message: string; ResultOnDb: { insertedId: number; }; MethodOnDb: string; TotalCountOnDb: number; } | { Status: boolean; Message: any; ResultOnDb: never[]; MethodOnDb: string; TotalCountOnDb: number; }>; ... 10 more ...; completeRegistration: (dataItem: ...'.
src/_workspace/services/_request-registrer/RegisterRequestService.ts(149,17): error TS2353: Object literal may only specify known properties, and 'recipientName' does not exist in type 'RequestRegisterVendorData'.
src/cron/pronesSync.ts(12,52): error TS2554: Expected 1 arguments, but got 0.
src/cron/pronesSync.ts(13,65): error TS2339: Property 'synced' does not exist on type '{ Status: boolean; Message: string; ResultOnDb: { synced: number; }; MethodOnDb: string; TotalCountOnDb: number; } | { Status: boolean; Message: string; ResultOnDb: any[]; MethodOnDb: string; TotalCountOnDb: any; } | { ...; }'.
  Property 'synced' does not exist on type '{ Status: boolean; Message: string; ResultOnDb: { synced: number; }; MethodOnDb: string; TotalCountOnDb: number; }'.
src/cron/pronesSync.ts(16,53): error TS2554: Expected 1 arguments, but got 0.
src/cron/pronesSync.ts(17,66): error TS2339: Property 'total' does not exist on type '{ Status: boolean; Message: string; ResultOnDb: any[]; MethodOnDb: string; TotalCountOnDb: number; } | { Status: boolean; Message: any; ResultOnDb: never[]; MethodOnDb: string; TotalCountOnDb: number; }'.
  Property 'total' does not exist on type '{ Status: boolean; Message: string; ResultOnDb: any[]; MethodOnDb: string; TotalCountOnDb: number; }'.
src/cron/pronesSync.ts(17,104): error TS2339: Property 'registered' does not exist on type '{ Status: boolean; Message: string; ResultOnDb: any[]; MethodOnDb: string; TotalCountOnDb: number; } | { Status: boolean; Message: any; ResultOnDb: never[]; MethodOnDb: string; TotalCountOnDb: number; }'.
  Property 'registered' does not exist on type '{ Status: boolean; Message: string; ResultOnDb: any[]; MethodOnDb: string; TotalCountOnDb: number; }'.
